<html>
<body>
<pre>
<h1>礦ision Build Log</h1>
<h2>Tool Versions:</h2>
IDE-Version: μVision V5.35.0.0
Copyright (C) 2021 ARM Ltd and ARM Germany GmbH. All rights reserved.
License Information: 1 马靖栋, 1, LIC=LSNXV-PQDI2-56NQ2-979UP-Q56I8-VQTF7
 
Tool Versions:
Toolchain:       MDK-ARM Plus  Version: 5.35.0.2
Toolchain Path:  D:\Keil_v5\ARM\ARMCC\Bin
C Compiler:      Armcc.exe V5.06 update 7 (build 960)
Assembler:       Armasm.exe V5.06 update 7 (build 960)
Linker/Locator:  ArmLink.exe V5.06 update 7 (build 960)
Library Manager: ArmAr.exe V5.06 update 7 (build 960)
Hex Converter:   FromElf.exe V5.06 update 7 (build 960)
CPU DLL:         SARMCM3.DLL V5.35.0.2
Dialog DLL:      DCM.DLL V1.17.3.0
Target DLL:      CMSIS_AGDI.dll V1.33.0.0
Dialog DLL:      TCM.DLL V1.53.0.0
 
<h2>Project:</h2>
d:\win\桌面\新建文件夹\tianhailong\RTC\Template.uvprojx
Project File Date:  03/17/2021

<h2>Output:</h2>
*** Using Compiler 'V5.06 update 7 (build 960)', folder: 'D:\Keil_v5\ARM\ARMCC\Bin'
Rebuild target 'Template'
assembling startup_stm32f407xx.s...
compiling stm32f4xx_hal_rcc_ex.c...
compiling stm32f4xx_hal_gpio.c...
compiling stm32f4xx_hal_exti.c...
compiling stm32f4xx_hal_uart.c...
compiling stm32f4xx_hal_usart.c...
compiling stm32f4xx_hal_cortex.c...
compiling stm32f4xx_hal_tim_ex.c...
compiling main.c...
compiling stm32f4xx_hal.c...
compiling stm32f4xx_hal_tim.c...
compiling stm32f4xx_hal_rcc.c...
compiling stm32f4xx_hal_iwdg.c...
compiling key.c...
compiling stm32f4xx_hal_pwr.c...
compiling stm32f4xx_hal_dma.c...
compiling stm32f4xx_hal_wwdg.c...
compiling led.c...
compiling stm32f4xx_hal_msp.c...
compiling stm32f4xx_it.c...
compiling stm32f4xx_hal_dma_ex.c...
compiling system_stm32f4xx.c...
compiling stm32f4xx_hal_pwr_ex.c...
compiling SysTick.c...
compiling usart.c...
compiling pwm.c...
compiling sys.c...
linking...
Program Size: Code=6144 RO-data=448 RW-data=24 ZI-data=1184  
FromELF: creating hex file...
".\Obj\Objects\Template.axf" - 0 Error(s), 0 Warning(s).

<h2>Software Packages used:</h2>

Package Vendor: Keil
                http://www.keil.com/pack/Keil.STM32F4xx_DFP.2.12.0.pack
                Keil.STM32F4xx_DFP.2.12.0
                STMicroelectronics STM32F4 Series Device Support, Drivers and Examples

<h2>Collection of Component include folders:</h2>
  D:\Users\马靖栋\AppData\Local\Arm\Packs\Keil\STM32F4xx_DFP\2.12.0\Drivers\CMSIS\Device\ST\STM32F4xx\Include

<h2>Collection of Component Files used:</h2>
Build Time Elapsed:  00:00:20
</pre>
</body>
</html>
